                              1 ;--------------------------------------------------------
                              2 ; File Created by SDCC : free open source ANSI-C Compiler
                              3 ; Version 3.3.0 #8604 (May 11 2013) (MINGW64)
                              4 ; This file was generated Wed Jun 10 08:26:36 2026
                              5 ;--------------------------------------------------------
                              6 	.module disk
                              7 	.optsdcc -mz80
                              8 	
                              9 ;--------------------------------------------------------
                             10 ; Public variables in this module
                             11 ;--------------------------------------------------------
                             12 	.globl _diskOpenWrite
                             13 	.globl _diskCmd
                             14 	.globl _diskCrc7
                             15 	.globl _bi_ram_to_spi
                             16 	.globl _bi_spi_speed_on
                             17 	.globl _bi_ss_off
                             18 	.globl _bi_ss_on
                             19 	.globl _bi_spi_to_rom
                             20 	.globl _bi_spi_to_ram
                             21 	.globl _bi_spi_qq
                             22 	.globl _bi_spi_q
                             23 	.globl _bi_spi
                             24 	.globl _disk_init_ok
                             25 	.globl _disk_addr
                             26 	.globl _diskCmdFast
                             27 	.globl _diskInit
                             28 	.globl _diskOpenRead
                             29 	.globl _diskReadToRam
                             30 	.globl _diskReadToRom
                             31 	.globl _diskCloseRW
                             32 	.globl _diskWrite
                             33 	.globl _diskStop
                             34 ;--------------------------------------------------------
                             35 ; special function registers
                             36 ;--------------------------------------------------------
                             37 ;--------------------------------------------------------
                             38 ; ram data
                             39 ;--------------------------------------------------------
                             40 	.area _DATA
   0000                      41 _disk_addr::
   0000                      42 	.ds 4
   0004                      43 _disk_init_ok::
   0004                      44 	.ds 1
                             45 ;--------------------------------------------------------
                             46 ; ram data
                             47 ;--------------------------------------------------------
                             48 	.area _INITIALIZED
                             49 ;--------------------------------------------------------
                             50 ; absolute external ram data
                             51 ;--------------------------------------------------------
                             52 	.area _DABS (ABS)
                             53 ;--------------------------------------------------------
                             54 ; global & static initialisations
                             55 ;--------------------------------------------------------
                             56 	.area _HOME
                             57 	.area _GSINIT
                             58 	.area _GSFINAL
                             59 	.area _GSINIT
                             60 ;--------------------------------------------------------
                             61 ; Home
                             62 ;--------------------------------------------------------
                             63 	.area _HOME
                             64 	.area _HOME
                             65 ;--------------------------------------------------------
                             66 ; code
                             67 ;--------------------------------------------------------
                             68 	.area _CODE
                             69 ;disk.c:37: u8 diskCrc7(u8 *buff) {
                             70 ;	---------------------------------
                             71 ; Function diskCrc7
                             72 ; ---------------------------------
   0000                      73 _diskCrc7_start::
   0000                      74 _diskCrc7:
   0000 DD E5         [15]   75 	push	ix
   0002 DD 21 00 00   [14]   76 	ld	ix,#0
   0006 DD 39         [15]   77 	add	ix,sp
   0008 21 F6 FF      [10]   78 	ld	hl,#-10
   000B 39            [11]   79 	add	hl,sp
   000C F9            [ 6]   80 	ld	sp,hl
                             81 ;disk.c:40: u16 crc = 0;
   000D DD 36 F9 00   [19]   82 	ld	-7 (ix),#0x00
   0011 DD 36 FA 00   [19]   83 	ld	-6 (ix),#0x00
                             84 ;disk.c:43: while (len--) {
   0015 DD 7E 04      [19]   85 	ld	a,4 (ix)
   0018 DD 77 FD      [19]   86 	ld	-3 (ix),a
   001B DD 7E 05      [19]   87 	ld	a,5 (ix)
   001E DD 77 FE      [19]   88 	ld	-2 (ix),a
   0021 DD 36 F6 05   [19]   89 	ld	-10 (ix),#0x05
   0025                      90 00106$:
   0025 DD 7E F6      [19]   91 	ld	a,-10 (ix)
   0028 DD 77 FF      [19]   92 	ld	-1 (ix),a
   002B DD 35 F6      [23]   93 	dec	-10 (ix)
   002E DD 7E FF      [19]   94 	ld	a,-1 (ix)
   0031 B7            [ 4]   95 	or	a, a
   0032 28 61         [12]   96 	jr	Z,00108$
                             97 ;disk.c:44: crc ^= *buff++;
   0034 DD 6E FD      [19]   98 	ld	l,-3 (ix)
   0037 DD 66 FE      [19]   99 	ld	h,-2 (ix)
   003A 7E            [ 7]  100 	ld	a,(hl)
   003B DD 77 FF      [19]  101 	ld	-1 (ix),a
   003E DD 34 FD      [23]  102 	inc	-3 (ix)
   0041 20 03         [12]  103 	jr	NZ,00128$
   0043 DD 34 FE      [23]  104 	inc	-2 (ix)
   0046                     105 00128$:
   0046 DD 7E FF      [19]  106 	ld	a,-1 (ix)
   0049 DD 77 FB      [19]  107 	ld	-5 (ix),a
   004C DD 36 FC 00   [19]  108 	ld	-4 (ix),#0x00
   0050 DD 7E F9      [19]  109 	ld	a,-7 (ix)
   0053 DD AE FB      [19]  110 	xor	a, -5 (ix)
   0056 DD 77 F9      [19]  111 	ld	-7 (ix),a
   0059 DD 7E FA      [19]  112 	ld	a,-6 (ix)
   005C DD AE FC      [19]  113 	xor	a, -4 (ix)
   005F DD 77 FA      [19]  114 	ld	-6 (ix),a
                            115 ;disk.c:46: do {
   0062 DD 36 F7 08   [19]  116 	ld	-9 (ix),#0x08
   0066 DD 36 F8 00   [19]  117 	ld	-8 (ix),#0x00
   006A                     118 00103$:
                            119 ;disk.c:47: crc <<= 1;
   006A DD CB F9 26   [23]  120 	sla	-7 (ix)
   006E DD CB FA 16   [23]  121 	rl	-6 (ix)
                            122 ;disk.c:48: if (crc & (1 << 8)) crc ^= 0x12;
   0072 DD CB FA 46   [20]  123 	bit	0, -6 (ix)
   0076 28 08         [12]  124 	jr	Z,00104$
   0078 DD 7E F9      [19]  125 	ld	a,-7 (ix)
   007B EE 12         [ 7]  126 	xor	a, #0x12
   007D DD 77 F9      [19]  127 	ld	-7 (ix),a
   0080                     128 00104$:
                            129 ;disk.c:49: } while (--a);
   0080 DD 6E F7      [19]  130 	ld	l,-9 (ix)
   0083 DD 66 F8      [19]  131 	ld	h,-8 (ix)
   0086 2B            [ 6]  132 	dec	hl
   0087 DD 75 F7      [19]  133 	ld	-9 (ix),l
   008A DD 74 F8      [19]  134 	ld	-8 (ix), h
   008D 7C            [ 4]  135 	ld	a, h
   008E DD B6 F7      [19]  136 	or	a,-9 (ix)
   0091 20 D7         [12]  137 	jr	NZ,00103$
   0093 18 90         [12]  138 	jr	00106$
   0095                     139 00108$:
                            140 ;disk.c:51: return (crc & 0xfe);
   0095 DD 6E F9      [19]  141 	ld	l,-7 (ix)
   0098 CB 85         [ 8]  142 	res	0, l
   009A DD F9         [10]  143 	ld	sp,ix
   009C DD E1         [14]  144 	pop	ix
   009E C9            [10]  145 	ret
   009F                     146 _diskCrc7_end::
                            147 ;disk.c:54: u8 diskCmd(u8 cmd, u32 arg) {
                            148 ;	---------------------------------
                            149 ; Function diskCmd
                            150 ; ---------------------------------
   009F                     151 _diskCmd_start::
   009F                     152 _diskCmd:
   009F DD E5         [15]  153 	push	ix
   00A1 DD 21 00 00   [14]  154 	ld	ix,#0
   00A5 DD 39         [15]  155 	add	ix,sp
   00A7 21 EC FF      [10]  156 	ld	hl,#-20
   00AA 39            [11]  157 	add	hl,sp
   00AB F9            [ 6]  158 	ld	sp,hl
                            159 ;disk.c:61: buff[0] = cmd;
   00AC 21 00 00      [10]  160 	ld	hl,#0x0000
   00AF 39            [11]  161 	add	hl,sp
   00B0 EB            [ 4]  162 	ex	de,hl
   00B1 DD 7E 04      [19]  163 	ld	a,4 (ix)
   00B4 12            [ 7]  164 	ld	(de),a
                            165 ;disk.c:62: buff[1] = (arg >> 24) & 0xff;
   00B5 6B            [ 4]  166 	ld	l, e
   00B6 62            [ 4]  167 	ld	h, d
   00B7 23            [ 6]  168 	inc	hl
   00B8 F5            [11]  169 	push	af
   00B9 DD 7E 05      [19]  170 	ld	a,5 (ix)
   00BC DD 77 FC      [19]  171 	ld	-4 (ix),a
   00BF DD 7E 06      [19]  172 	ld	a,6 (ix)
   00C2 DD 77 FD      [19]  173 	ld	-3 (ix),a
   00C5 DD 7E 07      [19]  174 	ld	a,7 (ix)
   00C8 DD 77 FE      [19]  175 	ld	-2 (ix),a
   00CB DD 7E 08      [19]  176 	ld	a,8 (ix)
   00CE DD 77 FF      [19]  177 	ld	-1 (ix),a
   00D1 F1            [10]  178 	pop	af
   00D2 06 18         [ 7]  179 	ld	b,#0x18
   00D4                     180 00115$:
   00D4 DD CB FF 3E   [23]  181 	srl	-1 (ix)
   00D8 DD CB FE 1E   [23]  182 	rr	-2 (ix)
   00DC DD CB FD 1E   [23]  183 	rr	-3 (ix)
   00E0 DD CB FC 1E   [23]  184 	rr	-4 (ix)
   00E4 10 EE         [13]  185 	djnz	00115$
   00E6 DD 7E FC      [19]  186 	ld	a,-4 (ix)
   00E9 DD 77 F8      [19]  187 	ld	-8 (ix),a
   00EC DD 36 F9 00   [19]  188 	ld	-7 (ix),#0x00
   00F0 DD 36 FA 00   [19]  189 	ld	-6 (ix),#0x00
   00F4 DD 36 FB 00   [19]  190 	ld	-5 (ix),#0x00
   00F8 DD 7E F8      [19]  191 	ld	a,-8 (ix)
   00FB 77            [ 7]  192 	ld	(hl),a
                            193 ;disk.c:63: buff[2] = (arg >> 16) & 0xff;
   00FC D5            [11]  194 	push	de
   00FD FD E1         [14]  195 	pop	iy
   00FF FD 23         [10]  196 	inc	iy
   0101 FD 23         [10]  197 	inc	iy
   0103 F5            [11]  198 	push	af
   0104 DD 7E 05      [19]  199 	ld	a,5 (ix)
   0107 DD 77 F8      [19]  200 	ld	-8 (ix),a
   010A DD 7E 06      [19]  201 	ld	a,6 (ix)
   010D DD 77 F9      [19]  202 	ld	-7 (ix),a
   0110 DD 7E 07      [19]  203 	ld	a,7 (ix)
   0113 DD 77 FA      [19]  204 	ld	-6 (ix),a
   0116 DD 7E 08      [19]  205 	ld	a,8 (ix)
   0119 DD 77 FB      [19]  206 	ld	-5 (ix),a
   011C F1            [10]  207 	pop	af
   011D 06 10         [ 7]  208 	ld	b,#0x10
   011F                     209 00117$:
   011F DD CB FB 3E   [23]  210 	srl	-5 (ix)
   0123 DD CB FA 1E   [23]  211 	rr	-6 (ix)
   0127 DD CB F9 1E   [23]  212 	rr	-7 (ix)
   012B DD CB F8 1E   [23]  213 	rr	-8 (ix)
   012F 10 EE         [13]  214 	djnz	00117$
   0131 DD 6E F8      [19]  215 	ld	l,-8 (ix)
   0134 FD 75 00      [19]  216 	ld	0 (iy), l
                            217 ;disk.c:64: buff[3] = (arg >> 8) & 0xff;
   0137 21 03 00      [10]  218 	ld	hl,#0x0003
   013A 19            [11]  219 	add	hl,de
   013B DD 75 F2      [19]  220 	ld	-14 (ix),l
   013E DD 74 F3      [19]  221 	ld	-13 (ix),h
   0141 F5            [11]  222 	push	af
   0142 DD 7E 05      [19]  223 	ld	a,5 (ix)
   0145 DD 77 F4      [19]  224 	ld	-12 (ix),a
   0148 DD 7E 06      [19]  225 	ld	a,6 (ix)
   014B DD 77 F5      [19]  226 	ld	-11 (ix),a
   014E DD 7E 07      [19]  227 	ld	a,7 (ix)
   0151 DD 77 F6      [19]  228 	ld	-10 (ix),a
   0154 DD 7E 08      [19]  229 	ld	a,8 (ix)
   0157 DD 77 F7      [19]  230 	ld	-9 (ix),a
   015A F1            [10]  231 	pop	af
   015B 06 08         [ 7]  232 	ld	b,#0x08
   015D                     233 00119$:
   015D DD CB F7 3E   [23]  234 	srl	-9 (ix)
   0161 DD CB F6 1E   [23]  235 	rr	-10 (ix)
   0165 DD CB F5 1E   [23]  236 	rr	-11 (ix)
   0169 DD CB F4 1E   [23]  237 	rr	-12 (ix)
   016D 10 EE         [13]  238 	djnz	00119$
   016F DD 46 F4      [19]  239 	ld	b,-12 (ix)
   0172 DD 6E F2      [19]  240 	ld	l,-14 (ix)
   0175 DD 66 F3      [19]  241 	ld	h,-13 (ix)
   0178 70            [ 7]  242 	ld	(hl),b
                            243 ;disk.c:65: buff[4] = (arg >> 0) & 0xff;
   0179 FD 21 04 00   [14]  244 	ld	iy,#0x0004
   017D FD 19         [15]  245 	add	iy, de
   017F F5            [11]  246 	push	af
   0180 DD 6E 05      [19]  247 	ld	l,5 (ix)
   0183 F1            [10]  248 	pop	af
   0184 FD 75 00      [19]  249 	ld	0 (iy), l
                            250 ;disk.c:66: crc = diskCrc7(buff) | 1;
   0187 D5            [11]  251 	push	de
   0188 CDr00r00      [17]  252 	call	_diskCrc7
   018B F1            [10]  253 	pop	af
   018C 7D            [ 4]  254 	ld	a,l
   018D CB C7         [ 8]  255 	set	0, a
   018F DD 77 F1      [19]  256 	ld	-15 (ix),a
                            257 ;disk.c:68: bi_ss_on();
   0192 CDr00r00      [17]  258 	call	_bi_ss_on
                            259 ;disk.c:69: bi_spi(0xff);
   0195 3E FF         [ 7]  260 	ld	a,#0xFF
   0197 F5            [11]  261 	push	af
   0198 33            [ 6]  262 	inc	sp
   0199 CDr00r00      [17]  263 	call	_bi_spi
   019C 33            [ 6]  264 	inc	sp
                            265 ;disk.c:70: bi_spi(cmd);
   019D DD 7E 04      [19]  266 	ld	a,4 (ix)
   01A0 F5            [11]  267 	push	af
   01A1 33            [ 6]  268 	inc	sp
   01A2 CDr00r00      [17]  269 	call	_bi_spi
   01A5 33            [ 6]  270 	inc	sp
                            271 ;disk.c:71: bi_spi(arg >> 24);
   01A6 DD 66 FC      [19]  272 	ld	h,-4 (ix)
   01A9 E5            [11]  273 	push	hl
   01AA 33            [ 6]  274 	inc	sp
   01AB CDr00r00      [17]  275 	call	_bi_spi
   01AE 33            [ 6]  276 	inc	sp
                            277 ;disk.c:72: bi_spi(arg >> 16);
   01AF DD 66 F8      [19]  278 	ld	h,-8 (ix)
   01B2 E5            [11]  279 	push	hl
   01B3 33            [ 6]  280 	inc	sp
   01B4 CDr00r00      [17]  281 	call	_bi_spi
   01B7 33            [ 6]  282 	inc	sp
                            283 ;disk.c:73: bi_spi(arg >> 8);
   01B8 DD 66 F4      [19]  284 	ld	h,-12 (ix)
   01BB E5            [11]  285 	push	hl
   01BC 33            [ 6]  286 	inc	sp
   01BD CDr00r00      [17]  287 	call	_bi_spi
   01C0 33            [ 6]  288 	inc	sp
                            289 ;disk.c:74: bi_spi(arg);
   01C1 DD 66 05      [19]  290 	ld	h,5 (ix)
   01C4 E5            [11]  291 	push	hl
   01C5 33            [ 6]  292 	inc	sp
   01C6 CDr00r00      [17]  293 	call	_bi_spi
   01C9 33            [ 6]  294 	inc	sp
                            295 ;disk.c:75: bi_spi(crc);
   01CA DD 7E F1      [19]  296 	ld	a,-15 (ix)
   01CD F5            [11]  297 	push	af
   01CE 33            [ 6]  298 	inc	sp
   01CF CDr00r00      [17]  299 	call	_bi_spi
   01D2 33            [ 6]  300 	inc	sp
                            301 ;disk.c:76: bi_spi(0xff);
   01D3 3E FF         [ 7]  302 	ld	a,#0xFF
   01D5 F5            [11]  303 	push	af
   01D6 33            [ 6]  304 	inc	sp
   01D7 CDr00r00      [17]  305 	call	_bi_spi
   01DA 33            [ 6]  306 	inc	sp
                            307 ;disk.c:77: resp = bi_spi(0xff);
   01DB 3E FF         [ 7]  308 	ld	a,#0xFF
   01DD F5            [11]  309 	push	af
   01DE 33            [ 6]  310 	inc	sp
   01DF CDr00r00      [17]  311 	call	_bi_spi
   01E2 33            [ 6]  312 	inc	sp
                            313 ;disk.c:79: while (resp == 0xff) {
   01E3 11 00 00      [10]  314 	ld	de,#0x0000
   01E6                     315 00103$:
   01E6 7D            [ 4]  316 	ld	a,l
   01E7 3C            [ 4]  317 	inc	a
   01E8 20 16         [12]  318 	jr	NZ,00105$
                            319 ;disk.c:80: resp = bi_spi(0xff);
   01EA D5            [11]  320 	push	de
   01EB 3E FF         [ 7]  321 	ld	a,#0xFF
   01ED F5            [11]  322 	push	af
   01EE 33            [ 6]  323 	inc	sp
   01EF CDr00r00      [17]  324 	call	_bi_spi
   01F2 33            [ 6]  325 	inc	sp
   01F3 D1            [10]  326 	pop	de
                            327 ;disk.c:81: if (i++ == 2048)break;
   01F4 63            [ 4]  328 	ld	h,e
   01F5 42            [ 4]  329 	ld	b,d
   01F6 13            [ 6]  330 	inc	de
   01F7 7C            [ 4]  331 	ld	a,h
   01F8 B7            [ 4]  332 	or	a, a
   01F9 20 EB         [12]  333 	jr	NZ,00103$
   01FB 78            [ 4]  334 	ld	a,b
   01FC D6 08         [ 7]  335 	sub	a, #0x08
   01FE 20 E6         [12]  336 	jr	NZ,00103$
   0200                     337 00105$:
                            338 ;disk.c:84: bi_ss_off();
   0200 E5            [11]  339 	push	hl
   0201 CDr00r00      [17]  340 	call	_bi_ss_off
   0204 E1            [10]  341 	pop	hl
                            342 ;disk.c:85: return resp;
   0205 DD F9         [10]  343 	ld	sp,ix
   0207 DD E1         [14]  344 	pop	ix
   0209 C9            [10]  345 	ret
   020A                     346 _diskCmd_end::
                            347 ;disk.c:90: u8 diskCmdFast(u8 cmd, u32 arg) {
                            348 ;	---------------------------------
                            349 ; Function diskCmdFast
                            350 ; ---------------------------------
   020A                     351 _diskCmdFast_start::
   020A                     352 _diskCmdFast:
                            353 ;disk.c:96: bi_ss_on();
   020A CDr00r00      [17]  354 	call	_bi_ss_on
                            355 ;disk.c:98: bi_spi_qq(0xff);
   020D 3E FF         [ 7]  356 	ld	a,#0xFF
   020F F5            [11]  357 	push	af
   0210 33            [ 6]  358 	inc	sp
   0211 CDr00r00      [17]  359 	call	_bi_spi_qq
   0214 33            [ 6]  360 	inc	sp
                            361 ;disk.c:99: bi_spi_qq(cmd);
   0215 21 02 00      [10]  362 	ld	hl, #2+0
   0218 39            [11]  363 	add	hl, sp
   0219 7E            [ 7]  364 	ld	a, (hl)
   021A F5            [11]  365 	push	af
   021B 33            [ 6]  366 	inc	sp
   021C CDr00r00      [17]  367 	call	_bi_spi_qq
   021F 33            [ 6]  368 	inc	sp
                            369 ;disk.c:100: bi_spi_qq(arg >> 24);
   0220 F5            [11]  370 	push	af
   0221 FD 21 05 00   [14]  371 	ld	iy,#5
   0225 FD 39         [15]  372 	add	iy,sp
   0227 FD 6E 00      [19]  373 	ld	l,0 (iy)
   022A FD 66 01      [19]  374 	ld	h,1 (iy)
   022D FD 5E 02      [19]  375 	ld	e,2 (iy)
   0230 FD 56 03      [19]  376 	ld	d,3 (iy)
   0233 F1            [10]  377 	pop	af
   0234 06 18         [ 7]  378 	ld	b,#0x18
   0236                     379 00115$:
   0236 CB 3A         [ 8]  380 	srl	d
   0238 CB 1B         [ 8]  381 	rr	e
   023A CB 1C         [ 8]  382 	rr	h
   023C CB 1D         [ 8]  383 	rr	l
   023E 10 F6         [13]  384 	djnz	00115$
   0240 65            [ 4]  385 	ld	h,l
   0241 E5            [11]  386 	push	hl
   0242 33            [ 6]  387 	inc	sp
   0243 CDr00r00      [17]  388 	call	_bi_spi_qq
   0246 33            [ 6]  389 	inc	sp
                            390 ;disk.c:101: bi_spi_qq(arg >> 16);
   0247 F5            [11]  391 	push	af
   0248 FD 21 05 00   [14]  392 	ld	iy,#5
   024C FD 39         [15]  393 	add	iy,sp
   024E FD 6E 00      [19]  394 	ld	l,0 (iy)
   0251 FD 66 01      [19]  395 	ld	h,1 (iy)
   0254 FD 5E 02      [19]  396 	ld	e,2 (iy)
   0257 FD 56 03      [19]  397 	ld	d,3 (iy)
   025A F1            [10]  398 	pop	af
   025B 06 10         [ 7]  399 	ld	b,#0x10
   025D                     400 00117$:
   025D CB 3A         [ 8]  401 	srl	d
   025F CB 1B         [ 8]  402 	rr	e
   0261 CB 1C         [ 8]  403 	rr	h
   0263 CB 1D         [ 8]  404 	rr	l
   0265 10 F6         [13]  405 	djnz	00117$
   0267 65            [ 4]  406 	ld	h,l
   0268 E5            [11]  407 	push	hl
   0269 33            [ 6]  408 	inc	sp
   026A CDr00r00      [17]  409 	call	_bi_spi_qq
   026D 33            [ 6]  410 	inc	sp
                            411 ;disk.c:102: bi_spi_qq(arg >> 8);
   026E F5            [11]  412 	push	af
   026F FD 21 05 00   [14]  413 	ld	iy,#5
   0273 FD 39         [15]  414 	add	iy,sp
   0275 FD 6E 00      [19]  415 	ld	l,0 (iy)
   0278 FD 66 01      [19]  416 	ld	h,1 (iy)
   027B FD 5E 02      [19]  417 	ld	e,2 (iy)
   027E FD 56 03      [19]  418 	ld	d,3 (iy)
   0281 F1            [10]  419 	pop	af
   0282 06 08         [ 7]  420 	ld	b,#0x08
   0284                     421 00119$:
   0284 CB 3A         [ 8]  422 	srl	d
   0286 CB 1B         [ 8]  423 	rr	e
   0288 CB 1C         [ 8]  424 	rr	h
   028A CB 1D         [ 8]  425 	rr	l
   028C 10 F6         [13]  426 	djnz	00119$
   028E 65            [ 4]  427 	ld	h,l
   028F E5            [11]  428 	push	hl
   0290 33            [ 6]  429 	inc	sp
   0291 CDr00r00      [17]  430 	call	_bi_spi_qq
   0294 33            [ 6]  431 	inc	sp
                            432 ;disk.c:103: bi_spi_qq(arg);
   0295 FD 21 03 00   [14]  433 	ld	iy,#3
   0299 FD 39         [15]  434 	add	iy,sp
   029B FD 66 00      [19]  435 	ld	h,0 (iy)
   029E E5            [11]  436 	push	hl
   029F 33            [ 6]  437 	inc	sp
   02A0 CDr00r00      [17]  438 	call	_bi_spi_qq
   02A3 33            [ 6]  439 	inc	sp
                            440 ;disk.c:104: bi_spi_qq(0xff);
   02A4 3E FF         [ 7]  441 	ld	a,#0xFF
   02A6 F5            [11]  442 	push	af
   02A7 33            [ 6]  443 	inc	sp
   02A8 CDr00r00      [17]  444 	call	_bi_spi_qq
   02AB 33            [ 6]  445 	inc	sp
                            446 ;disk.c:105: bi_spi_qq(0xff);
   02AC 3E FF         [ 7]  447 	ld	a,#0xFF
   02AE F5            [11]  448 	push	af
   02AF 33            [ 6]  449 	inc	sp
   02B0 CDr00r00      [17]  450 	call	_bi_spi_qq
   02B3 33            [ 6]  451 	inc	sp
                            452 ;disk.c:106: resp = bi_spi_q(0xff);
   02B4 3E FF         [ 7]  453 	ld	a,#0xFF
   02B6 F5            [11]  454 	push	af
   02B7 33            [ 6]  455 	inc	sp
   02B8 CDr00r00      [17]  456 	call	_bi_spi_q
   02BB 33            [ 6]  457 	inc	sp
                            458 ;disk.c:108: while (resp == 0xff) {
   02BC 11 00 00      [10]  459 	ld	de,#0x0000
   02BF                     460 00103$:
   02BF 7D            [ 4]  461 	ld	a,l
   02C0 3C            [ 4]  462 	inc	a
   02C1 20 16         [12]  463 	jr	NZ,00105$
                            464 ;disk.c:109: resp = bi_spi_q(0xff);
   02C3 D5            [11]  465 	push	de
   02C4 3E FF         [ 7]  466 	ld	a,#0xFF
   02C6 F5            [11]  467 	push	af
   02C7 33            [ 6]  468 	inc	sp
   02C8 CDr00r00      [17]  469 	call	_bi_spi_q
   02CB 33            [ 6]  470 	inc	sp
   02CC D1            [10]  471 	pop	de
                            472 ;disk.c:110: if (i++ == WAIT_LEN)break;
   02CD 4B            [ 4]  473 	ld	c,e
   02CE 62            [ 4]  474 	ld	h,d
   02CF 13            [ 6]  475 	inc	de
   02D0 79            [ 4]  476 	ld	a,c
   02D1 B7            [ 4]  477 	or	a, a
   02D2 20 EB         [12]  478 	jr	NZ,00103$
   02D4 7C            [ 4]  479 	ld	a,h
   02D5 D6 08         [ 7]  480 	sub	a, #0x08
   02D7 20 E6         [12]  481 	jr	NZ,00103$
   02D9                     482 00105$:
                            483 ;disk.c:113: bi_ss_off();
   02D9 E5            [11]  484 	push	hl
   02DA CDr00r00      [17]  485 	call	_bi_ss_off
   02DD E1            [10]  486 	pop	hl
                            487 ;disk.c:114: return resp;
   02DE C9            [10]  488 	ret
   02DF                     489 _diskCmdFast_end::
                            490 ;disk.c:117: u8 diskInit() {
                            491 ;	---------------------------------
                            492 ; Function diskInit
                            493 ; ---------------------------------
   02DF                     494 _diskInit_start::
   02DF                     495 _diskInit:
   02DF DD E5         [15]  496 	push	ix
   02E1 DD 21 00 00   [14]  497 	ld	ix,#0
   02E5 DD 39         [15]  498 	add	ix,sp
   02E7 F5            [11]  499 	push	af
                            500 ;disk.c:134: disk_init_ok = 0;
   02E8 21r04r00      [10]  501 	ld	hl,#_disk_init_ok + 0
   02EB 36 00         [10]  502 	ld	(hl), #0x00
                            503 ;disk.c:135: bi_card_type = 0;
   02ED 21r00r00      [10]  504 	ld	hl,#_bi_card_type + 0
   02F0 36 00         [10]  505 	ld	(hl), #0x00
                            506 ;disk.c:136: bi_ss_off();
   02F2 D5            [11]  507 	push	de
   02F3 CDr00r00      [17]  508 	call	_bi_ss_off
   02F6 CDrD0r06      [17]  509 	call	_diskCloseRW
   02F9 D1            [10]  510 	pop	de
                            511 ;disk.c:140: for (i = 0; i < 32; i++)bi_spi(0xff);
   02FA 21 00 00      [10]  512 	ld	hl,#0x0000
   02FD                     513 00150$:
   02FD E5            [11]  514 	push	hl
   02FE D5            [11]  515 	push	de
   02FF 3E FF         [ 7]  516 	ld	a,#0xFF
   0301 F5            [11]  517 	push	af
   0302 33            [ 6]  518 	inc	sp
   0303 CDr00r00      [17]  519 	call	_bi_spi
   0306 33            [ 6]  520 	inc	sp
   0307 D1            [10]  521 	pop	de
   0308 E1            [10]  522 	pop	hl
   0309 23            [ 6]  523 	inc	hl
   030A 7D            [ 4]  524 	ld	a,l
   030B D6 20         [ 7]  525 	sub	a, #0x20
   030D 7C            [ 4]  526 	ld	a,h
   030E DE 00         [ 7]  527 	sbc	a, #0x00
   0310 38 EB         [12]  528 	jr	C,00150$
                            529 ;disk.c:149: resp = diskStop(1);
   0312 D5            [11]  530 	push	de
   0313 3E 01         [ 7]  531 	ld	a,#0x01
   0315 F5            [11]  532 	push	af
   0316 33            [ 6]  533 	inc	sp
   0317 CDrADr07      [17]  534 	call	_diskStop
   031A 33            [ 6]  535 	inc	sp
   031B D1            [10]  536 	pop	de
   031C 5D            [ 4]  537 	ld	e,l
                            538 ;disk.c:150: if (resp)return resp;
   031D 7B            [ 4]  539 	ld	a,e
   031E B7            [ 4]  540 	or	a, a
   031F 28 04         [12]  541 	jr	Z,00103$
   0321 6B            [ 4]  542 	ld	l,e
   0322 C3r13r05      [10]  543 	jp	00158$
   0325                     544 00103$:
                            545 ;disk.c:152: resp = diskCmd(CMD8, 0x1aa);
   0325 D5            [11]  546 	push	de
   0326 21 00 00      [10]  547 	ld	hl,#0x0000
   0329 E5            [11]  548 	push	hl
   032A 21 AA 01      [10]  549 	ld	hl,#0x01AA
   032D E5            [11]  550 	push	hl
   032E 3E 48         [ 7]  551 	ld	a,#0x48
   0330 F5            [11]  552 	push	af
   0331 33            [ 6]  553 	inc	sp
   0332 CDr9Fr00      [17]  554 	call	_diskCmd
   0335 F1            [10]  555 	pop	af
   0336 F1            [10]  556 	pop	af
   0337 33            [ 6]  557 	inc	sp
   0338 D1            [10]  558 	pop	de
   0339 5D            [ 4]  559 	ld	e,l
                            560 ;disk.c:153: for (i = 0; i < 5; i++)bi_spi(0xff);
   033A 21 00 00      [10]  561 	ld	hl,#0x0000
   033D                     562 00152$:
   033D E5            [11]  563 	push	hl
   033E D5            [11]  564 	push	de
   033F 3E FF         [ 7]  565 	ld	a,#0xFF
   0341 F5            [11]  566 	push	af
   0342 33            [ 6]  567 	inc	sp
   0343 CDr00r00      [17]  568 	call	_bi_spi
   0346 33            [ 6]  569 	inc	sp
   0347 D1            [10]  570 	pop	de
   0348 E1            [10]  571 	pop	hl
   0349 23            [ 6]  572 	inc	hl
   034A 7D            [ 4]  573 	ld	a,l
   034B D6 05         [ 7]  574 	sub	a, #0x05
   034D 7C            [ 4]  575 	ld	a,h
   034E DE 00         [ 7]  576 	sbc	a, #0x00
   0350 38 EB         [12]  577 	jr	C,00152$
                            578 ;disk.c:154: if (resp == 0xff)return DISK_ERR_INIT + 1;
   0352 7B            [ 4]  579 	ld	a,e
   0353 3C            [ 4]  580 	inc	a
   0354 20 05         [12]  581 	jr	NZ,00106$
   0356 2E C1         [ 7]  582 	ld	l,#0xC1
   0358 C3r13r05      [10]  583 	jp	00158$
   035B                     584 00106$:
                            585 ;disk.c:155: if (resp != 5)bi_card_type |= SD_V2;
   035B 7B            [ 4]  586 	ld	a,e
   035C D6 05         [ 7]  587 	sub	a, #0x05
   035E 28 08         [12]  588 	jr	Z,00108$
   0360 3Ar00r00      [13]  589 	ld	a,(#_bi_card_type + 0)
   0363 CB CF         [ 8]  590 	set	1, a
   0365 32r00r00      [13]  591 	ld	(#_bi_card_type + 0),a
   0368                     592 00108$:
                            593 ;disk.c:157: if (bi_card_type == 2) {
   0368 FD 21r00r00   [14]  594 	ld	iy,#_bi_card_type
   036C FD 7E 00      [19]  595 	ld	a,0 (iy)
   036F D6 02         [ 7]  596 	sub	a, #0x02
   0371 C2r32r04      [10]  597 	jp	NZ,00148$
                            598 ;disk.c:159: for (i = 0; i < WAIT_LEN; i++) {
   0374 21 00 00      [10]  599 	ld	hl,#0x0000
   0377 E3            [19]  600 	ex	(sp), hl
   0378 01 00 00      [10]  601 	ld	bc,#0x0000
   037B                     602 00154$:
                            603 ;disk.c:162: resp = diskCmd(CMD55, 0xffff);
   037B C5            [11]  604 	push	bc
   037C D5            [11]  605 	push	de
   037D 21 00 00      [10]  606 	ld	hl,#0x0000
   0380 E5            [11]  607 	push	hl
   0381 21 FF FF      [10]  608 	ld	hl,#0xFFFF
   0384 E5            [11]  609 	push	hl
   0385 3E 77         [ 7]  610 	ld	a,#0x77
   0387 F5            [11]  611 	push	af
   0388 33            [ 6]  612 	inc	sp
   0389 CDr9Fr00      [17]  613 	call	_diskCmd
   038C F1            [10]  614 	pop	af
   038D F1            [10]  615 	pop	af
   038E 33            [ 6]  616 	inc	sp
   038F D1            [10]  617 	pop	de
   0390 C1            [10]  618 	pop	bc
   0391 5D            [ 4]  619 	ld	e,l
                            620 ;disk.c:163: if (resp == 0xff)return DISK_ERR_INIT + 2;
   0392 7B            [ 4]  621 	ld	a,e
   0393 3C            [ 4]  622 	inc	a
   0394 20 05         [12]  623 	jr	NZ,00110$
   0396 2E C2         [ 7]  624 	ld	l,#0xC2
   0398 C3r13r05      [10]  625 	jp	00158$
   039B                     626 00110$:
                            627 ;disk.c:164: if (resp != 1)continue;
   039B 7B            [ 4]  628 	ld	a,e
   039C 3D            [ 4]  629 	dec	a
   039D 20 24         [12]  630 	jr	NZ,00117$
                            631 ;disk.c:166: resp = diskCmd(CMD41, 0x40300000);
   039F C5            [11]  632 	push	bc
   03A0 D5            [11]  633 	push	de
   03A1 21 30 40      [10]  634 	ld	hl,#0x4030
   03A4 E5            [11]  635 	push	hl
   03A5 21 00 00      [10]  636 	ld	hl,#0x0000
   03A8 E5            [11]  637 	push	hl
   03A9 3E 69         [ 7]  638 	ld	a,#0x69
   03AB F5            [11]  639 	push	af
   03AC 33            [ 6]  640 	inc	sp
   03AD CDr9Fr00      [17]  641 	call	_diskCmd
   03B0 F1            [10]  642 	pop	af
   03B1 F1            [10]  643 	pop	af
   03B2 33            [ 6]  644 	inc	sp
   03B3 D1            [10]  645 	pop	de
   03B4 C1            [10]  646 	pop	bc
   03B5 5D            [ 4]  647 	ld	e,l
                            648 ;disk.c:167: if (resp == 0xff)return DISK_ERR_INIT + 3;
   03B6 7B            [ 4]  649 	ld	a,e
   03B7 3C            [ 4]  650 	inc	a
   03B8 20 05         [12]  651 	jr	NZ,00114$
   03BA 2E C3         [ 7]  652 	ld	l,#0xC3
   03BC C3r13r05      [10]  653 	jp	00158$
   03BF                     654 00114$:
                            655 ;disk.c:168: if (resp != 0)continue;
   03BF 7B            [ 4]  656 	ld	a,e
   03C0 B7            [ 4]  657 	or	a, a
   03C1 28 09         [12]  658 	jr	Z,00118$
                            659 ;disk.c:170: break;
   03C3                     660 00117$:
                            661 ;disk.c:159: for (i = 0; i < WAIT_LEN; i++) {
   03C3 03            [ 6]  662 	inc	bc
   03C4 33            [ 6]  663 	inc	sp
   03C5 33            [ 6]  664 	inc	sp
   03C6 C5            [11]  665 	push	bc
   03C7 78            [ 4]  666 	ld	a,b
   03C8 E6 F8         [ 7]  667 	and	a, #0xF8
   03CA 28 AF         [12]  668 	jr	Z,00154$
   03CC                     669 00118$:
                            670 ;disk.c:172: if (i == WAIT_LEN)return DISK_ERR_INIT + 4;
   03CC DD 7E FE      [19]  671 	ld	a,-2 (ix)
   03CF B7            [ 4]  672 	or	a, a
   03D0 20 0C         [12]  673 	jr	NZ,00120$
   03D2 DD 7E FF      [19]  674 	ld	a,-1 (ix)
   03D5 D6 08         [ 7]  675 	sub	a, #0x08
   03D7 20 05         [12]  676 	jr	NZ,00120$
   03D9 2E C4         [ 7]  677 	ld	l,#0xC4
   03DB C3r13r05      [10]  678 	jp	00158$
   03DE                     679 00120$:
                            680 ;disk.c:174: resp = diskCmd(CMD58, 0);
   03DE D5            [11]  681 	push	de
   03DF 21 00 00      [10]  682 	ld	hl,#0x0000
   03E2 E5            [11]  683 	push	hl
   03E3 21 00 00      [10]  684 	ld	hl,#0x0000
   03E6 E5            [11]  685 	push	hl
   03E7 3E 7A         [ 7]  686 	ld	a,#0x7A
   03E9 F5            [11]  687 	push	af
   03EA 33            [ 6]  688 	inc	sp
   03EB CDr9Fr00      [17]  689 	call	_diskCmd
   03EE F1            [10]  690 	pop	af
   03EF F1            [10]  691 	pop	af
   03F0 33            [ 6]  692 	inc	sp
   03F1 D1            [10]  693 	pop	de
   03F2 5D            [ 4]  694 	ld	e,l
                            695 ;disk.c:175: if (resp == 0xff)return DISK_ERR_INIT + 5;
   03F3 7B            [ 4]  696 	ld	a,e
   03F4 3C            [ 4]  697 	inc	a
   03F5 20 05         [12]  698 	jr	NZ,00122$
   03F7 2E C5         [ 7]  699 	ld	l,#0xC5
   03F9 C3r13r05      [10]  700 	jp	00158$
   03FC                     701 00122$:
                            702 ;disk.c:176: bi_ss_on();
   03FC D5            [11]  703 	push	de
   03FD CDr00r00      [17]  704 	call	_bi_ss_on
   0400 3E FF         [ 7]  705 	ld	a,#0xFF
   0402 F5            [11]  706 	push	af
   0403 33            [ 6]  707 	inc	sp
   0404 CDr00r00      [17]  708 	call	_bi_spi
   0407 33            [ 6]  709 	inc	sp
   0408 D1            [10]  710 	pop	de
   0409 5D            [ 4]  711 	ld	e,l
                            712 ;disk.c:178: for (i = 0; i < 3; i++)bi_spi(0xff);
   040A 21 00 00      [10]  713 	ld	hl,#0x0000
   040D                     714 00155$:
   040D E5            [11]  715 	push	hl
   040E D5            [11]  716 	push	de
   040F 3E FF         [ 7]  717 	ld	a,#0xFF
   0411 F5            [11]  718 	push	af
   0412 33            [ 6]  719 	inc	sp
   0413 CDr00r00      [17]  720 	call	_bi_spi
   0416 33            [ 6]  721 	inc	sp
   0417 D1            [10]  722 	pop	de
   0418 E1            [10]  723 	pop	hl
   0419 23            [ 6]  724 	inc	hl
   041A 7D            [ 4]  725 	ld	a,l
   041B D6 03         [ 7]  726 	sub	a, #0x03
   041D 7C            [ 4]  727 	ld	a,h
   041E DE 00         [ 7]  728 	sbc	a, #0x00
   0420 38 EB         [12]  729 	jr	C,00155$
                            730 ;disk.c:179: if ((resp & 0x40))bi_card_type |= 1;
   0422 CB 73         [ 8]  731 	bit	6, e
   0424 CArF8r04      [10]  732 	jp	Z,00149$
   0427 3Ar00r00      [13]  733 	ld	a,(#_bi_card_type + 0)
   042A CB C7         [ 8]  734 	set	0, a
   042C 32r00r00      [13]  735 	ld	(#_bi_card_type + 0),a
   042F C3rF8r04      [10]  736 	jp	00149$
   0432                     737 00148$:
                            738 ;disk.c:186: resp = diskCmd(CMD55, 0);
   0432 D5            [11]  739 	push	de
   0433 21 00 00      [10]  740 	ld	hl,#0x0000
   0436 E5            [11]  741 	push	hl
   0437 21 00 00      [10]  742 	ld	hl,#0x0000
   043A E5            [11]  743 	push	hl
   043B 3E 77         [ 7]  744 	ld	a,#0x77
   043D F5            [11]  745 	push	af
   043E 33            [ 6]  746 	inc	sp
   043F CDr9Fr00      [17]  747 	call	_diskCmd
   0442 F1            [10]  748 	pop	af
   0443 F1            [10]  749 	pop	af
   0444 33            [ 6]  750 	inc	sp
   0445 D1            [10]  751 	pop	de
   0446 5D            [ 4]  752 	ld	e,l
                            753 ;disk.c:187: if (resp == 0xff)return DISK_ERR_INIT + 6;
   0447 7B            [ 4]  754 	ld	a,e
   0448 3C            [ 4]  755 	inc	a
   0449 20 05         [12]  756 	jr	NZ,00127$
   044B 2E C6         [ 7]  757 	ld	l,#0xC6
   044D C3r13r05      [10]  758 	jp	00158$
   0450                     759 00127$:
                            760 ;disk.c:188: resp = diskCmd(CMD41, 0);
   0450 D5            [11]  761 	push	de
   0451 21 00 00      [10]  762 	ld	hl,#0x0000
   0454 E5            [11]  763 	push	hl
   0455 21 00 00      [10]  764 	ld	hl,#0x0000
   0458 E5            [11]  765 	push	hl
   0459 3E 69         [ 7]  766 	ld	a,#0x69
   045B F5            [11]  767 	push	af
   045C 33            [ 6]  768 	inc	sp
   045D CDr9Fr00      [17]  769 	call	_diskCmd
   0460 F1            [10]  770 	pop	af
   0461 F1            [10]  771 	pop	af
   0462 33            [ 6]  772 	inc	sp
   0463 D1            [10]  773 	pop	de
   0464 5D            [ 4]  774 	ld	e,l
                            775 ;disk.c:189: if (resp == 0xff)return DISK_ERR_INIT + 7;
   0465 7B            [ 4]  776 	ld	a,e
   0466 3C            [ 4]  777 	inc	a
   0467 20 05         [12]  778 	jr	NZ,00129$
   0469 2E C7         [ 7]  779 	ld	l,#0xC7
   046B C3r13r05      [10]  780 	jp	00158$
   046E                     781 00129$:
                            782 ;disk.c:192: for (i = 0; i < WAIT_LEN; i++) {
   046E 21 00 00      [10]  783 	ld	hl,#0x0000
   0471 E3            [19]  784 	ex	(sp), hl
   0472 01 00 00      [10]  785 	ld	bc,#0x0000
   0475                     786 00157$:
                            787 ;disk.c:193: if (resp < 1) {
   0475 7B            [ 4]  788 	ld	a,e
   0476 D6 01         [ 7]  789 	sub	a, #0x01
   0478 30 49         [12]  790 	jr	NC,00141$
                            791 ;disk.c:195: resp = diskCmd(CMD55, 0);
   047A C5            [11]  792 	push	bc
   047B D5            [11]  793 	push	de
   047C 21 00 00      [10]  794 	ld	hl,#0x0000
   047F E5            [11]  795 	push	hl
   0480 21 00 00      [10]  796 	ld	hl,#0x0000
   0483 E5            [11]  797 	push	hl
   0484 3E 77         [ 7]  798 	ld	a,#0x77
   0486 F5            [11]  799 	push	af
   0487 33            [ 6]  800 	inc	sp
   0488 CDr9Fr00      [17]  801 	call	_diskCmd
   048B F1            [10]  802 	pop	af
   048C F1            [10]  803 	pop	af
   048D 33            [ 6]  804 	inc	sp
   048E D1            [10]  805 	pop	de
   048F C1            [10]  806 	pop	bc
   0490 5D            [ 4]  807 	ld	e,l
                            808 ;disk.c:196: if (resp == 0xff)return DISK_ERR_INIT + 8;
   0491 7B            [ 4]  809 	ld	a,e
   0492 3C            [ 4]  810 	inc	a
   0493 20 05         [12]  811 	jr	NZ,00131$
   0495 2E C8         [ 7]  812 	ld	l,#0xC8
   0497 C3r13r05      [10]  813 	jp	00158$
   049A                     814 00131$:
                            815 ;disk.c:197: if (resp != 1)continue;
   049A 7B            [ 4]  816 	ld	a,e
   049B 3D            [ 4]  817 	dec	a
   049C 20 40         [12]  818 	jr	NZ,00143$
                            819 ;disk.c:199: resp = diskCmd(CMD41, 0);
   049E C5            [11]  820 	push	bc
   049F D5            [11]  821 	push	de
   04A0 21 00 00      [10]  822 	ld	hl,#0x0000
   04A3 E5            [11]  823 	push	hl
   04A4 21 00 00      [10]  824 	ld	hl,#0x0000
   04A7 E5            [11]  825 	push	hl
   04A8 3E 69         [ 7]  826 	ld	a,#0x69
   04AA F5            [11]  827 	push	af
   04AB 33            [ 6]  828 	inc	sp
   04AC CDr9Fr00      [17]  829 	call	_diskCmd
   04AF F1            [10]  830 	pop	af
   04B0 F1            [10]  831 	pop	af
   04B1 33            [ 6]  832 	inc	sp
   04B2 D1            [10]  833 	pop	de
   04B3 C1            [10]  834 	pop	bc
   04B4 5D            [ 4]  835 	ld	e,l
                            836 ;disk.c:200: if (resp == 0xff)return DISK_ERR_INIT + 9;
   04B5 7B            [ 4]  837 	ld	a,e
   04B6 3C            [ 4]  838 	inc	a
   04B7 20 04         [12]  839 	jr	NZ,00135$
   04B9 2E C9         [ 7]  840 	ld	l,#0xC9
   04BB 18 56         [12]  841 	jr	00158$
   04BD                     842 00135$:
                            843 ;disk.c:201: if (resp != 0)continue;
   04BD 7B            [ 4]  844 	ld	a,e
   04BE B7            [ 4]  845 	or	a, a
   04BF 28 26         [12]  846 	jr	Z,00144$
   04C1 18 1B         [12]  847 	jr	00143$
   04C3                     848 00141$:
                            849 ;disk.c:205: resp = diskCmd(CMD1, 0);
   04C3 C5            [11]  850 	push	bc
   04C4 D5            [11]  851 	push	de
   04C5 21 00 00      [10]  852 	ld	hl,#0x0000
   04C8 E5            [11]  853 	push	hl
   04C9 21 00 00      [10]  854 	ld	hl,#0x0000
   04CC E5            [11]  855 	push	hl
   04CD 3E 41         [ 7]  856 	ld	a,#0x41
   04CF F5            [11]  857 	push	af
   04D0 33            [ 6]  858 	inc	sp
   04D1 CDr9Fr00      [17]  859 	call	_diskCmd
   04D4 F1            [10]  860 	pop	af
   04D5 F1            [10]  861 	pop	af
   04D6 33            [ 6]  862 	inc	sp
   04D7 D1            [10]  863 	pop	de
   04D8 C1            [10]  864 	pop	bc
   04D9 5D            [ 4]  865 	ld	e,l
                            866 ;disk.c:206: if (resp != 0)continue;
   04DA 7B            [ 4]  867 	ld	a,e
   04DB B7            [ 4]  868 	or	a, a
   04DC 28 09         [12]  869 	jr	Z,00144$
                            870 ;disk.c:209: break;
   04DE                     871 00143$:
                            872 ;disk.c:192: for (i = 0; i < WAIT_LEN; i++) {
   04DE 03            [ 6]  873 	inc	bc
   04DF 33            [ 6]  874 	inc	sp
   04E0 33            [ 6]  875 	inc	sp
   04E1 C5            [11]  876 	push	bc
   04E2 78            [ 4]  877 	ld	a,b
   04E3 E6 F8         [ 7]  878 	and	a, #0xF8
   04E5 28 8E         [12]  879 	jr	Z,00157$
   04E7                     880 00144$:
                            881 ;disk.c:213: if (i == WAIT_LEN)return DISK_ERR_INIT + 10;
   04E7 DD 7E FE      [19]  882 	ld	a,-2 (ix)
   04EA B7            [ 4]  883 	or	a, a
   04EB 20 0B         [12]  884 	jr	NZ,00149$
   04ED DD 7E FF      [19]  885 	ld	a,-1 (ix)
   04F0 D6 08         [ 7]  886 	sub	a, #0x08
   04F2 20 04         [12]  887 	jr	NZ,00149$
   04F4 2E CA         [ 7]  888 	ld	l,#0xCA
   04F6 18 1B         [12]  889 	jr	00158$
   04F8                     890 00149$:
                            891 ;disk.c:217: bi_spi_speed_on();
   04F8 D5            [11]  892 	push	de
   04F9 CDr00r00      [17]  893 	call	_bi_spi_speed_on
   04FC D1            [10]  894 	pop	de
                            895 ;disk.c:218: disk_addr = 1;
   04FD 21r00r00      [10]  896 	ld	hl,#_disk_addr + 0
   0500 36 01         [10]  897 	ld	(hl), #0x01
   0502 AF            [ 4]  898 	xor	a, a
   0503 32r01r00      [13]  899 	ld	(#_disk_addr + 1),a
   0506 32r02r00      [13]  900 	ld	(#_disk_addr + 2),a
   0509 32r03r00      [13]  901 	ld	(#_disk_addr + 3),a
                            902 ;disk.c:219: disk_init_ok = 1;
   050C 21r04r00      [10]  903 	ld	hl,#_disk_init_ok + 0
   050F 36 01         [10]  904 	ld	(hl), #0x01
                            905 ;disk.c:221: return 0;
   0511 2E 00         [ 7]  906 	ld	l,#0x00
   0513                     907 00158$:
   0513 DD F9         [10]  908 	ld	sp,ix
   0515 DD E1         [14]  909 	pop	ix
   0517 C9            [10]  910 	ret
   0518                     911 _diskInit_end::
                            912 ;disk.c:225: u8 diskOpenRead(u32 saddr) {
                            913 ;	---------------------------------
                            914 ; Function diskOpenRead
                            915 ; ---------------------------------
   0518                     916 _diskOpenRead_start::
   0518                     917 _diskOpenRead:
                            918 ;disk.c:228: if (!(bi_card_type & 1))saddr *= 512;
   0518 21r00r00      [10]  919 	ld	hl,#_bi_card_type+0
   051B CB 46         [12]  920 	bit	0, (hl)
   051D 20 1C         [12]  921 	jr	NZ,00102$
   051F F5            [11]  922 	push	af
   0520 F1            [10]  923 	pop	af
   0521 06 09         [ 7]  924 	ld	b,#0x09
   0523                     925 00115$:
   0523 FD 21 02 00   [14]  926 	ld	iy,#2
   0527 FD 39         [15]  927 	add	iy,sp
   0529 FD CB 00 26   [23]  928 	sla	0 (iy)
   052D FD CB 01 16   [23]  929 	rl	1 (iy)
   0531 FD CB 02 16   [23]  930 	rl	2 (iy)
   0535 FD CB 03 16   [23]  931 	rl	3 (iy)
   0539 10 E8         [13]  932 	djnz	00115$
   053B                     933 00102$:
                            934 ;disk.c:230: resp = diskCmdFast(CMD18, saddr);
   053B FD 21 02 00   [14]  935 	ld	iy,#2
   053F FD 39         [15]  936 	add	iy,sp
   0541 FD 6E 02      [19]  937 	ld	l,2 (iy)
   0544 FD 66 03      [19]  938 	ld	h,3 (iy)
   0547 E5            [11]  939 	push	hl
   0548 FD 6E 00      [19]  940 	ld	l,0 (iy)
   054B FD 66 01      [19]  941 	ld	h,1 (iy)
   054E E5            [11]  942 	push	hl
   054F 3E 52         [ 7]  943 	ld	a,#0x52
   0551 F5            [11]  944 	push	af
   0552 33            [ 6]  945 	inc	sp
   0553 CDr0Ar02      [17]  946 	call	_diskCmdFast
   0556 F1            [10]  947 	pop	af
   0557 F1            [10]  948 	pop	af
   0558 33            [ 6]  949 	inc	sp
   0559 7D            [ 4]  950 	ld	a,l
                            951 ;disk.c:231: if (resp != 0)return DISK_ERR_RD1;
   055A B7            [ 4]  952 	or	a, a
   055B 28 03         [12]  953 	jr	Z,00104$
   055D 2E D2         [ 7]  954 	ld	l,#0xD2
   055F C9            [10]  955 	ret
   0560                     956 00104$:
                            957 ;disk.c:232: bi_ss_on();
   0560 CDr00r00      [17]  958 	call	_bi_ss_on
                            959 ;disk.c:234: return 0;
   0563 2E 00         [ 7]  960 	ld	l,#0x00
   0565 C9            [10]  961 	ret
   0566                     962 _diskOpenRead_end::
                            963 ;disk.c:237: u8 diskReadToRam(u32 sd_addr, void *dst, u16 slen) {
                            964 ;	---------------------------------
                            965 ; Function diskReadToRam
                            966 ; ---------------------------------
   0566                     967 _diskReadToRam_start::
   0566                     968 _diskReadToRam:
   0566 DD E5         [15]  969 	push	ix
   0568 DD 21 00 00   [14]  970 	ld	ix,#0
   056C DD 39         [15]  971 	add	ix,sp
   056E 3B            [ 6]  972 	dec	sp
                            973 ;disk.c:239: u8 resp = 0;
   056F DD 36 FF 00   [19]  974 	ld	-1 (ix),#0x00
                            975 ;disk.c:241: if (sd_addr != disk_addr) {
   0573 DD 7E 04      [19]  976 	ld	a,4 (ix)
   0576 FD 21r00r00   [14]  977 	ld	iy,#_disk_addr
   057A FD 96 00      [19]  978 	sub	a, 0 (iy)
   057D 20 24         [12]  979 	jr	NZ,00123$
   057F DD 7E 05      [19]  980 	ld	a,5 (ix)
   0582 FD 21r00r00   [14]  981 	ld	iy,#_disk_addr
   0586 FD 96 01      [19]  982 	sub	a, 1 (iy)
   0589 20 18         [12]  983 	jr	NZ,00123$
   058B DD 7E 06      [19]  984 	ld	a,6 (ix)
   058E FD 21r00r00   [14]  985 	ld	iy,#_disk_addr
   0592 FD 96 02      [19]  986 	sub	a, 2 (iy)
   0595 20 0C         [12]  987 	jr	NZ,00123$
   0597 DD 7E 07      [19]  988 	ld	a,7 (ix)
   059A FD 21r00r00   [14]  989 	ld	iy,#_disk_addr
   059E FD 96 03      [19]  990 	sub	a, 3 (iy)
   05A1 28 2E         [12]  991 	jr	Z,00104$
   05A3                     992 00123$:
                            993 ;disk.c:242: diskCloseRW();
   05A3 CDrD0r06      [17]  994 	call	_diskCloseRW
                            995 ;disk.c:243: resp = diskOpenRead(sd_addr);
   05A6 DD 6E 06      [19]  996 	ld	l,6 (ix)
   05A9 DD 66 07      [19]  997 	ld	h,7 (ix)
   05AC E5            [11]  998 	push	hl
   05AD DD 6E 04      [19]  999 	ld	l,4 (ix)
   05B0 DD 66 05      [19] 1000 	ld	h,5 (ix)
   05B3 E5            [11] 1001 	push	hl
   05B4 CDr18r05      [17] 1002 	call	_diskOpenRead
   05B7 F1            [10] 1003 	pop	af
   05B8 F1            [10] 1004 	pop	af
                           1005 ;disk.c:244: if (resp)return resp;
   05B9 DD 75 FF      [19] 1006 	ld	-1 (ix), l
   05BC 7D            [ 4] 1007 	ld	a, l
   05BD B7            [ 4] 1008 	or	a, a
   05BE 28 05         [12] 1009 	jr	Z,00102$
   05C0 DD 6E FF      [19] 1010 	ld	l,-1 (ix)
   05C3 18 52         [12] 1011 	jr	00109$
   05C5                    1012 00102$:
                           1013 ;disk.c:245: disk_addr = sd_addr;
   05C5 11r00r00      [10] 1014 	ld	de, #_disk_addr
   05C8 21 05 00      [10] 1015 	ld	hl, #5
   05CB 39            [11] 1016 	add	hl, sp
   05CC 01 04 00      [10] 1017 	ld	bc, #4
   05CF ED B0         [21] 1018 	ldir
   05D1                    1019 00104$:
                           1020 ;disk.c:248: if (resp)return resp;
   05D1 DD 7E FF      [19] 1021 	ld	a,-1 (ix)
   05D4 B7            [ 4] 1022 	or	a, a
   05D5 28 05         [12] 1023 	jr	Z,00106$
   05D7 DD 6E FF      [19] 1024 	ld	l,-1 (ix)
   05DA 18 3B         [12] 1025 	jr	00109$
   05DC                    1026 00106$:
                           1027 ;disk.c:249: disk_addr += slen;
   05DC DD 56 0A      [19] 1028 	ld	d,10 (ix)
   05DF DD 5E 0B      [19] 1029 	ld	e,11 (ix)
   05E2 01 00 00      [10] 1030 	ld	bc,#0x0000
   05E5 21r00r00      [10] 1031 	ld	hl,#_disk_addr
   05E8 7E            [ 7] 1032 	ld	a,(hl)
   05E9 82            [ 4] 1033 	add	a, d
   05EA 77            [ 7] 1034 	ld	(hl),a
   05EB 23            [ 6] 1035 	inc	hl
   05EC 7E            [ 7] 1036 	ld	a,(hl)
   05ED 8B            [ 4] 1037 	adc	a, e
   05EE 77            [ 7] 1038 	ld	(hl),a
   05EF 23            [ 6] 1039 	inc	hl
   05F0 7E            [ 7] 1040 	ld	a,(hl)
   05F1 88            [ 4] 1041 	adc	a, b
   05F2 77            [ 7] 1042 	ld	(hl),a
   05F3 23            [ 6] 1043 	inc	hl
   05F4 7E            [ 7] 1044 	ld	a,(hl)
   05F5 89            [ 4] 1045 	adc	a, c
   05F6 77            [ 7] 1046 	ld	(hl),a
                           1047 ;disk.c:251: resp = bi_spi_to_ram(dst, slen);
   05F7 DD 6E 0A      [19] 1048 	ld	l,10 (ix)
   05FA DD 66 0B      [19] 1049 	ld	h,11 (ix)
   05FD E5            [11] 1050 	push	hl
   05FE DD 6E 08      [19] 1051 	ld	l,8 (ix)
   0601 DD 66 09      [19] 1052 	ld	h,9 (ix)
   0604 E5            [11] 1053 	push	hl
   0605 CDr00r00      [17] 1054 	call	_bi_spi_to_ram
   0608 F1            [10] 1055 	pop	af
   0609 F1            [10] 1056 	pop	af
                           1057 ;disk.c:252: if (resp)bi_ss_off();
   060A DD 75 FF      [19] 1058 	ld	-1 (ix), l
   060D 7D            [ 4] 1059 	ld	a, l
   060E B7            [ 4] 1060 	or	a, a
   060F 28 03         [12] 1061 	jr	Z,00108$
   0611 CDr00r00      [17] 1062 	call	_bi_ss_off
   0614                    1063 00108$:
                           1064 ;disk.c:254: return resp;
   0614 DD 6E FF      [19] 1065 	ld	l,-1 (ix)
   0617                    1066 00109$:
   0617 33            [ 6] 1067 	inc	sp
   0618 DD E1         [14] 1068 	pop	ix
   061A C9            [10] 1069 	ret
   061B                    1070 _diskReadToRam_end::
                           1071 ;disk.c:257: u8 diskReadToRom(u32 sd_addr, void *dst, u16 slen) {
                           1072 ;	---------------------------------
                           1073 ; Function diskReadToRom
                           1074 ; ---------------------------------
   061B                    1075 _diskReadToRom_start::
   061B                    1076 _diskReadToRom:
   061B DD E5         [15] 1077 	push	ix
   061D DD 21 00 00   [14] 1078 	ld	ix,#0
   0621 DD 39         [15] 1079 	add	ix,sp
   0623 3B            [ 6] 1080 	dec	sp
                           1081 ;disk.c:259: u8 resp = 0;
   0624 DD 36 FF 00   [19] 1082 	ld	-1 (ix),#0x00
                           1083 ;disk.c:261: if (sd_addr != disk_addr) {
   0628 DD 7E 04      [19] 1084 	ld	a,4 (ix)
   062B FD 21r00r00   [14] 1085 	ld	iy,#_disk_addr
   062F FD 96 00      [19] 1086 	sub	a, 0 (iy)
   0632 20 24         [12] 1087 	jr	NZ,00123$
   0634 DD 7E 05      [19] 1088 	ld	a,5 (ix)
   0637 FD 21r00r00   [14] 1089 	ld	iy,#_disk_addr
   063B FD 96 01      [19] 1090 	sub	a, 1 (iy)
   063E 20 18         [12] 1091 	jr	NZ,00123$
   0640 DD 7E 06      [19] 1092 	ld	a,6 (ix)
   0643 FD 21r00r00   [14] 1093 	ld	iy,#_disk_addr
   0647 FD 96 02      [19] 1094 	sub	a, 2 (iy)
   064A 20 0C         [12] 1095 	jr	NZ,00123$
   064C DD 7E 07      [19] 1096 	ld	a,7 (ix)
   064F FD 21r00r00   [14] 1097 	ld	iy,#_disk_addr
   0653 FD 96 03      [19] 1098 	sub	a, 3 (iy)
   0656 28 2E         [12] 1099 	jr	Z,00104$
   0658                    1100 00123$:
                           1101 ;disk.c:262: diskCloseRW();
   0658 CDrD0r06      [17] 1102 	call	_diskCloseRW
                           1103 ;disk.c:263: resp = diskOpenRead(sd_addr);
   065B DD 6E 06      [19] 1104 	ld	l,6 (ix)
   065E DD 66 07      [19] 1105 	ld	h,7 (ix)
   0661 E5            [11] 1106 	push	hl
   0662 DD 6E 04      [19] 1107 	ld	l,4 (ix)
   0665 DD 66 05      [19] 1108 	ld	h,5 (ix)
   0668 E5            [11] 1109 	push	hl
   0669 CDr18r05      [17] 1110 	call	_diskOpenRead
   066C F1            [10] 1111 	pop	af
   066D F1            [10] 1112 	pop	af
                           1113 ;disk.c:264: if (resp)return resp;
   066E DD 75 FF      [19] 1114 	ld	-1 (ix), l
   0671 7D            [ 4] 1115 	ld	a, l
   0672 B7            [ 4] 1116 	or	a, a
   0673 28 05         [12] 1117 	jr	Z,00102$
   0675 DD 6E FF      [19] 1118 	ld	l,-1 (ix)
   0678 18 52         [12] 1119 	jr	00109$
   067A                    1120 00102$:
                           1121 ;disk.c:265: disk_addr = sd_addr;
   067A 11r00r00      [10] 1122 	ld	de, #_disk_addr
   067D 21 05 00      [10] 1123 	ld	hl, #5
   0680 39            [11] 1124 	add	hl, sp
   0681 01 04 00      [10] 1125 	ld	bc, #4
   0684 ED B0         [21] 1126 	ldir
   0686                    1127 00104$:
                           1128 ;disk.c:268: if (resp)return resp;
   0686 DD 7E FF      [19] 1129 	ld	a,-1 (ix)
   0689 B7            [ 4] 1130 	or	a, a
   068A 28 05         [12] 1131 	jr	Z,00106$
   068C DD 6E FF      [19] 1132 	ld	l,-1 (ix)
   068F 18 3B         [12] 1133 	jr	00109$
   0691                    1134 00106$:
                           1135 ;disk.c:269: disk_addr += slen;
   0691 DD 56 0A      [19] 1136 	ld	d,10 (ix)
   0694 DD 5E 0B      [19] 1137 	ld	e,11 (ix)
   0697 01 00 00      [10] 1138 	ld	bc,#0x0000
   069A 21r00r00      [10] 1139 	ld	hl,#_disk_addr
   069D 7E            [ 7] 1140 	ld	a,(hl)
   069E 82            [ 4] 1141 	add	a, d
   069F 77            [ 7] 1142 	ld	(hl),a
   06A0 23            [ 6] 1143 	inc	hl
   06A1 7E            [ 7] 1144 	ld	a,(hl)
   06A2 8B            [ 4] 1145 	adc	a, e
   06A3 77            [ 7] 1146 	ld	(hl),a
   06A4 23            [ 6] 1147 	inc	hl
   06A5 7E            [ 7] 1148 	ld	a,(hl)
   06A6 88            [ 4] 1149 	adc	a, b
   06A7 77            [ 7] 1150 	ld	(hl),a
   06A8 23            [ 6] 1151 	inc	hl
   06A9 7E            [ 7] 1152 	ld	a,(hl)
   06AA 89            [ 4] 1153 	adc	a, c
   06AB 77            [ 7] 1154 	ld	(hl),a
                           1155 ;disk.c:271: resp = bi_spi_to_rom(dst, slen);
   06AC DD 6E 0A      [19] 1156 	ld	l,10 (ix)
   06AF DD 66 0B      [19] 1157 	ld	h,11 (ix)
   06B2 E5            [11] 1158 	push	hl
   06B3 DD 6E 08      [19] 1159 	ld	l,8 (ix)
   06B6 DD 66 09      [19] 1160 	ld	h,9 (ix)
   06B9 E5            [11] 1161 	push	hl
   06BA CDr00r00      [17] 1162 	call	_bi_spi_to_rom
   06BD F1            [10] 1163 	pop	af
   06BE F1            [10] 1164 	pop	af
                           1165 ;disk.c:272: if (resp)bi_ss_off();
   06BF DD 75 FF      [19] 1166 	ld	-1 (ix), l
   06C2 7D            [ 4] 1167 	ld	a, l
   06C3 B7            [ 4] 1168 	or	a, a
   06C4 28 03         [12] 1169 	jr	Z,00108$
   06C6 CDr00r00      [17] 1170 	call	_bi_ss_off
   06C9                    1171 00108$:
                           1172 ;disk.c:274: return resp;
   06C9 DD 6E FF      [19] 1173 	ld	l,-1 (ix)
   06CC                    1174 00109$:
   06CC 33            [ 6] 1175 	inc	sp
   06CD DD E1         [14] 1176 	pop	ix
   06CF C9            [10] 1177 	ret
   06D0                    1178 _diskReadToRom_end::
                           1179 ;disk.c:278: void diskCloseRW() {
                           1180 ;	---------------------------------
                           1181 ; Function diskCloseRW
                           1182 ; ---------------------------------
   06D0                    1183 _diskCloseRW_start::
   06D0                    1184 _diskCloseRW:
                           1185 ;disk.c:279: if (disk_addr == ~0)return;
   06D0 3Ar00r00      [13] 1186 	ld	a,(#_disk_addr + 0)
   06D3 3C            [ 4] 1187 	inc	a
   06D4 20 14         [12] 1188 	jr	NZ,00102$
   06D6 3Ar01r00      [13] 1189 	ld	a,(#_disk_addr + 1)
   06D9 3C            [ 4] 1190 	inc	a
   06DA 20 0E         [12] 1191 	jr	NZ,00102$
   06DC 3Ar02r00      [13] 1192 	ld	a,(#_disk_addr + 2)
   06DF 3C            [ 4] 1193 	inc	a
   06E0 20 08         [12] 1194 	jr	NZ,00102$
   06E2 3Ar03r00      [13] 1195 	ld	a,(#_disk_addr + 3)
   06E5 3C            [ 4] 1196 	inc	a
   06E6 C8            [11] 1197 	ret	Z
   06E7 18 01         [12] 1198 	jr	00102$
   06E9 C9            [10] 1199 	ret
   06EA                    1200 00102$:
                           1201 ;disk.c:280: bi_ss_off();
   06EA CDr00r00      [17] 1202 	call	_bi_ss_off
                           1203 ;disk.c:281: diskCmdFast(CMD12, 0);
   06ED 21 00 00      [10] 1204 	ld	hl,#0x0000
   06F0 E5            [11] 1205 	push	hl
   06F1 21 00 00      [10] 1206 	ld	hl,#0x0000
   06F4 E5            [11] 1207 	push	hl
   06F5 3E 4C         [ 7] 1208 	ld	a,#0x4C
   06F7 F5            [11] 1209 	push	af
   06F8 33            [ 6] 1210 	inc	sp
   06F9 CDr0Ar02      [17] 1211 	call	_diskCmdFast
   06FC F1            [10] 1212 	pop	af
   06FD F1            [10] 1213 	pop	af
   06FE 33            [ 6] 1214 	inc	sp
                           1215 ;disk.c:282: disk_addr = ~0;
   06FF 21r00r00      [10] 1216 	ld	hl,#_disk_addr + 0
   0702 36 FF         [10] 1217 	ld	(hl), #0xFF
   0704 21r01r00      [10] 1218 	ld	hl,#_disk_addr + 1
   0707 36 FF         [10] 1219 	ld	(hl), #0xFF
   0709 21r02r00      [10] 1220 	ld	hl,#_disk_addr + 2
   070C 36 FF         [10] 1221 	ld	(hl), #0xFF
   070E 21r03r00      [10] 1222 	ld	hl,#_disk_addr + 3
   0711 36 FF         [10] 1223 	ld	(hl), #0xFF
   0713 C9            [10] 1224 	ret
   0714                    1225 _diskCloseRW_end::
                           1226 ;disk.c:285: u8 diskOpenWrite(u32 saddr) {
                           1227 ;	---------------------------------
                           1228 ; Function diskOpenWrite
                           1229 ; ---------------------------------
   0714                    1230 _diskOpenWrite_start::
   0714                    1231 _diskOpenWrite:
                           1232 ;disk.c:288: if (!(bi_card_type & 1))saddr *= 512;
   0714 21r00r00      [10] 1233 	ld	hl,#_bi_card_type+0
   0717 CB 46         [12] 1234 	bit	0, (hl)
   0719 20 1C         [12] 1235 	jr	NZ,00102$
   071B F5            [11] 1236 	push	af
   071C F1            [10] 1237 	pop	af
   071D 06 09         [ 7] 1238 	ld	b,#0x09
   071F                    1239 00115$:
   071F FD 21 02 00   [14] 1240 	ld	iy,#2
   0723 FD 39         [15] 1241 	add	iy,sp
   0725 FD CB 00 26   [23] 1242 	sla	0 (iy)
   0729 FD CB 01 16   [23] 1243 	rl	1 (iy)
   072D FD CB 02 16   [23] 1244 	rl	2 (iy)
   0731 FD CB 03 16   [23] 1245 	rl	3 (iy)
   0735 10 E8         [13] 1246 	djnz	00115$
   0737                    1247 00102$:
                           1248 ;disk.c:289: resp = diskCmdFast(CMD25, saddr);
   0737 FD 21 02 00   [14] 1249 	ld	iy,#2
   073B FD 39         [15] 1250 	add	iy,sp
   073D FD 6E 02      [19] 1251 	ld	l,2 (iy)
   0740 FD 66 03      [19] 1252 	ld	h,3 (iy)
   0743 E5            [11] 1253 	push	hl
   0744 FD 6E 00      [19] 1254 	ld	l,0 (iy)
   0747 FD 66 01      [19] 1255 	ld	h,1 (iy)
   074A E5            [11] 1256 	push	hl
   074B 3E 59         [ 7] 1257 	ld	a,#0x59
   074D F5            [11] 1258 	push	af
   074E 33            [ 6] 1259 	inc	sp
   074F CDr0Ar02      [17] 1260 	call	_diskCmdFast
   0752 F1            [10] 1261 	pop	af
   0753 F1            [10] 1262 	pop	af
   0754 33            [ 6] 1263 	inc	sp
   0755 7D            [ 4] 1264 	ld	a,l
                           1265 ;disk.c:290: if (resp != 0)return DISK_ERR_WR1;
   0756 B7            [ 4] 1266 	or	a, a
   0757 28 03         [12] 1267 	jr	Z,00104$
   0759 2E D4         [ 7] 1268 	ld	l,#0xD4
   075B C9            [10] 1269 	ret
   075C                    1270 00104$:
                           1271 ;disk.c:291: bi_ss_on();
   075C CDr00r00      [17] 1272 	call	_bi_ss_on
                           1273 ;disk.c:293: return 0;
   075F 2E 00         [ 7] 1274 	ld	l,#0x00
   0761 C9            [10] 1275 	ret
   0762                    1276 _diskOpenWrite_end::
                           1277 ;disk.c:296: u8 diskWrite(u32 sd_addr, void *src, u16 slen) {
                           1278 ;	---------------------------------
                           1279 ; Function diskWrite
                           1280 ; ---------------------------------
   0762                    1281 _diskWrite_start::
   0762                    1282 _diskWrite:
                           1283 ;disk.c:299: diskCloseRW();
   0762 E5            [11] 1284 	push	hl
   0763 CDrD0r06      [17] 1285 	call	_diskCloseRW
   0766 FD 21 04 00   [14] 1286 	ld	iy,#4
   076A FD 39         [15] 1287 	add	iy,sp
   076C FD 6E 02      [19] 1288 	ld	l,2 (iy)
   076F FD 66 03      [19] 1289 	ld	h,3 (iy)
   0772 E5            [11] 1290 	push	hl
   0773 FD 6E 00      [19] 1291 	ld	l,0 (iy)
   0776 FD 66 01      [19] 1292 	ld	h,1 (iy)
   0779 E5            [11] 1293 	push	hl
   077A CDr14r07      [17] 1294 	call	_diskOpenWrite
   077D F1            [10] 1295 	pop	af
   077E F1            [10] 1296 	pop	af
   077F 7D            [ 4] 1297 	ld	a,l
   0780 E1            [10] 1298 	pop	hl
                           1299 ;disk.c:301: if (resp != 0)return resp; //DISK_ERR_WR2;
   0781 6F            [ 4] 1300 	ld	l,a
   0782 B7            [ 4] 1301 	or	a, a
   0783 C0            [11] 1302 	ret	NZ
                           1303 ;disk.c:303: resp = bi_ram_to_spi(src, slen);
   0784 E5            [11] 1304 	push	hl
   0785 21 0A 00      [10] 1305 	ld	hl, #10
   0788 39            [11] 1306 	add	hl, sp
   0789 4E            [ 7] 1307 	ld	c, (hl)
   078A 23            [ 6] 1308 	inc	hl
   078B 46            [ 7] 1309 	ld	b, (hl)
   078C C5            [11] 1310 	push	bc
   078D 21 0A 00      [10] 1311 	ld	hl, #10
   0790 39            [11] 1312 	add	hl, sp
   0791 4E            [ 7] 1313 	ld	c, (hl)
   0792 23            [ 6] 1314 	inc	hl
   0793 46            [ 7] 1315 	ld	b, (hl)
   0794 C5            [11] 1316 	push	bc
   0795 CDr00r00      [17] 1317 	call	_bi_ram_to_spi
   0798 F1            [10] 1318 	pop	af
   0799 F1            [10] 1319 	pop	af
   079A 7D            [ 4] 1320 	ld	a,l
   079B E1            [10] 1321 	pop	hl
   079C 6F            [ 4] 1322 	ld	l,a
                           1323 ;disk.c:305: bi_ss_off();
   079D E5            [11] 1324 	push	hl
   079E CDr00r00      [17] 1325 	call	_bi_ss_off
   07A1 E1            [10] 1326 	pop	hl
                           1327 ;disk.c:306: if (resp)return resp;
   07A2 7D            [ 4] 1328 	ld	a,l
   07A3 B7            [ 4] 1329 	or	a, a
   07A4 C0            [11] 1330 	ret	NZ
                           1331 ;disk.c:307: diskCloseRW();
   07A5 E5            [11] 1332 	push	hl
   07A6 CDrD0r06      [17] 1333 	call	_diskCloseRW
   07A9 E1            [10] 1334 	pop	hl
                           1335 ;disk.c:308: return 0;
   07AA 2E 00         [ 7] 1336 	ld	l,#0x00
   07AC C9            [10] 1337 	ret
   07AD                    1338 _diskWrite_end::
                           1339 ;disk.c:311: u8 diskStop(u8 forced) {
                           1340 ;	---------------------------------
                           1341 ; Function diskStop
                           1342 ; ---------------------------------
   07AD                    1343 _diskStop_start::
   07AD                    1344 _diskStop:
                           1345 ;disk.c:316: if (!forced && !disk_init_ok)return 0;
   07AD 21 02 00      [10] 1346 	ld	hl, #2+0
   07B0 39            [11] 1347 	add	hl, sp
   07B1 7E            [ 7] 1348 	ld	a, (hl)
   07B2 B7            [ 4] 1349 	or	a, a
   07B3 20 08         [12] 1350 	jr	NZ,00102$
   07B5 3Ar04r00      [13] 1351 	ld	a,(#_disk_init_ok + 0)
   07B8 B7            [ 4] 1352 	or	a,a
   07B9 20 02         [12] 1353 	jr	NZ,00102$
   07BB 6F            [ 4] 1354 	ld	l,a
   07BC C9            [10] 1355 	ret
   07BD                    1356 00102$:
                           1357 ;disk.c:319: resp = 0;
   07BD 2E 00         [ 7] 1358 	ld	l,#0x00
                           1359 ;disk.c:320: while (resp != 1 && i++ < 2) {
   07BF 16 00         [ 7] 1360 	ld	d,#0x00
   07C1                    1361 00105$:
   07C1 2D            [ 4] 1362 	dec	l
   07C2 20 04         [12] 1363 	jr	NZ,00131$
   07C4 3E 01         [ 7] 1364 	ld	a,#0x01
   07C6 18 01         [12] 1365 	jr	00132$
   07C8                    1366 00131$:
   07C8 AF            [ 4] 1367 	xor	a,a
   07C9                    1368 00132$:
   07C9 67            [ 4] 1369 	ld	h,a
   07CA B7            [ 4] 1370 	or	a, a
   07CB 20 1D         [12] 1371 	jr	NZ,00107$
   07CD 6A            [ 4] 1372 	ld	l,d
   07CE 14            [ 4] 1373 	inc	d
   07CF 7D            [ 4] 1374 	ld	a,l
   07D0 D6 02         [ 7] 1375 	sub	a, #0x02
   07D2 30 16         [12] 1376 	jr	NC,00107$
                           1377 ;disk.c:321: resp = diskCmd(CMD0, 0);
   07D4 D5            [11] 1378 	push	de
   07D5 21 00 00      [10] 1379 	ld	hl,#0x0000
   07D8 E5            [11] 1380 	push	hl
   07D9 21 00 00      [10] 1381 	ld	hl,#0x0000
   07DC E5            [11] 1382 	push	hl
   07DD 3E 40         [ 7] 1383 	ld	a,#0x40
   07DF F5            [11] 1384 	push	af
   07E0 33            [ 6] 1385 	inc	sp
   07E1 CDr9Fr00      [17] 1386 	call	_diskCmd
   07E4 F1            [10] 1387 	pop	af
   07E5 F1            [10] 1388 	pop	af
   07E6 33            [ 6] 1389 	inc	sp
   07E7 D1            [10] 1390 	pop	de
   07E8 18 D7         [12] 1391 	jr	00105$
   07EA                    1392 00107$:
                           1393 ;disk.c:324: if (resp != 1)return DISK_ERR_INIT + 0;
   07EA 7C            [ 4] 1394 	ld	a,h
   07EB B7            [ 4] 1395 	or	a, a
   07EC 20 03         [12] 1396 	jr	NZ,00109$
   07EE 2E C0         [ 7] 1397 	ld	l,#0xC0
   07F0 C9            [10] 1398 	ret
   07F1                    1399 00109$:
                           1400 ;disk.c:326: return 0;
   07F1 2E 00         [ 7] 1401 	ld	l,#0x00
   07F3 C9            [10] 1402 	ret
   07F4                    1403 _diskStop_end::
                           1404 	.area _CODE
                           1405 	.area _INITIALIZER
                           1406 	.area _CABS (ABS)
