                              1 ;--------------------------------------------------------
                              2 ; File Created by SDCC : free open source ANSI-C Compiler
                              3 ; Version 3.3.0 #8604 (May 11 2013) (MINGW64)
                              4 ; This file was generated Wed Jun 10 08:26:41 2026
                              5 ;--------------------------------------------------------
                              6 	.module main
                              7 	.optsdcc -mz80
                              8 	
                              9 ;--------------------------------------------------------
                             10 ; Public variables in this module
                             11 ;--------------------------------------------------------
                             12 	.globl _in
                             13 	.globl _hb
                             14 	.globl _vb
                             15 	.globl _main
                             16 	.globl _browser
                             17 	.globl _guiPrintError
                             18 	.globl _osUsbListener
                             19 	.globl _osInit
                             20 	.globl _tmp
                             21 ;--------------------------------------------------------
                             22 ; special function registers
                             23 ;--------------------------------------------------------
                             24 ;--------------------------------------------------------
                             25 ; ram data
                             26 ;--------------------------------------------------------
                             27 	.area _DATA
   0000                      28 _tmp::
   0000                      29 	.ds 1
                             30 ;--------------------------------------------------------
                             31 ; ram data
                             32 ;--------------------------------------------------------
                             33 	.area _INITIALIZED
                             34 ;--------------------------------------------------------
                             35 ; absolute external ram data
                             36 ;--------------------------------------------------------
                             37 	.area _DABS (ABS)
                             38 ;--------------------------------------------------------
                             39 ; global & static initialisations
                             40 ;--------------------------------------------------------
                             41 	.area _HOME
                             42 	.area _GSINIT
                             43 	.area _GSFINAL
                             44 	.area _GSINIT
                             45 ;--------------------------------------------------------
                             46 ; Home
                             47 ;--------------------------------------------------------
                             48 	.area _HOME
                             49 	.area _HOME
                             50 ;--------------------------------------------------------
                             51 ; code
                             52 ;--------------------------------------------------------
                             53 	.area _CODE
                             54 ;main.c:108: int main() {
                             55 ;	---------------------------------
                             56 ; Function main
                             57 ; ---------------------------------
   0000                      58 _main_start::
   0000                      59 _main:
                             60 ;main.c:115: resp = osInit();
   0000 D5            [11]   61 	push	de
   0001 CDr00r00      [17]   62 	call	_osInit
   0004 D1            [10]   63 	pop	de
   0005 55            [ 4]   64 	ld	d,l
                             65 ;main.c:123: if (resp) {
   0006 7A            [ 4]   66 	ld	a,d
   0007 B7            [ 4]   67 	or	a, a
   0008 28 0F         [12]   68 	jr	Z,00107$
                             69 ;main.c:124: guiPrintError(resp);
   000A D5            [11]   70 	push	de
   000B D5            [11]   71 	push	de
   000C 33            [ 6]   72 	inc	sp
   000D CDr00r00      [17]   73 	call	_guiPrintError
   0010 33            [ 6]   74 	inc	sp
   0011 D1            [10]   75 	pop	de
   0012                      76 00105$:
                             77 ;main.c:125: for (;;)osUsbListener();
   0012 D5            [11]   78 	push	de
   0013 CDr00r00      [17]   79 	call	_osUsbListener
   0016 D1            [10]   80 	pop	de
   0017 18 F9         [12]   81 	jr	00105$
   0019                      82 00107$:
                             83 ;main.c:130: resp = browser();
   0019 D5            [11]   84 	push	de
   001A CDr00r00      [17]   85 	call	_browser
   001D D1            [10]   86 	pop	de
   001E 55            [ 4]   87 	ld	d,l
                             88 ;main.c:131: guiPrintError(resp);
   001F D5            [11]   89 	push	de
   0020 D5            [11]   90 	push	de
   0021 33            [ 6]   91 	inc	sp
   0022 CDr00r00      [17]   92 	call	_guiPrintError
   0025 33            [ 6]   93 	inc	sp
   0026 D1            [10]   94 	pop	de
   0027 18 F0         [12]   95 	jr	00107$
   0029                      96 _main_end::
                             97 ;main.c:137: void vb() {
                             98 ;	---------------------------------
                             99 ; Function vb
                            100 ; ---------------------------------
   0029                     101 _vb_start::
   0029                     102 _vb:
                            103 ;main.c:138: }
   0029 C9            [10]  104 	ret
   002A                     105 _vb_end::
                            106 ;main.c:140: void hb() {
                            107 ;	---------------------------------
                            108 ; Function hb
                            109 ; ---------------------------------
   002A                     110 _hb_start::
   002A                     111 _hb:
                            112 ;main.c:141: }
   002A C9            [10]  113 	ret
   002B                     114 _hb_end::
                            115 ;main.c:143: void in() {
                            116 ;	---------------------------------
                            117 ; Function in
                            118 ; ---------------------------------
   002B                     119 _in_start::
   002B                     120 _in:
                            121 ;main.c:144: }
   002B C9            [10]  122 	ret
   002C                     123 _in_end::
                            124 	.area _CODE
                            125 	.area _INITIALIZER
                            126 	.area _CABS (ABS)
